<html>
<body>
<pre>
<h1>µVision Build Log</h1>
<h2>Tool Versions:</h2>
IDE-Version: µVision V5.17.0.0
Copyright (C) 2015 ARM Ltd and ARM Germany GmbH. All rights reserved.
License Information: thai tran, thai, LIC=8VRJ7-E9Q7W-EVE1R-KYPA6-AFN8E-D1IHG
 
Tool Versions:
Toolchain:       MDK-ARM Standard  Version: 5.17
Toolchain Path:  C:\Keil_v5\ARM\ARMCC\Bin
C Compiler:      Armcc.exe V5.06 update 1 (build 61)
Assembler:       Armasm.exe V5.06 update 1 (build 61)
Linker/Locator:  ArmLink.exe V5.06 update 1 (build 61)
Library Manager: ArmAr.exe V5.06 update 1 (build 61)
Hex Converter:   FromElf.exe V5.06 update 1 (build 61)
CPU DLL:         SARMCM3.DLL V5.17
Dialog DLL:      DCM.DLL V1.13.4.0
Target DLL:      STLink\ST-LINKIII-KEIL_SWO.dll V2.0.18.0
Dialog DLL:      TCM.DLL V1.14.6.0
 
<h2>Project:</h2>
D:\Auto_Sar\Autosar\AutoSar.uvprojx
Project File Date:  02/29/2024

<h2>Output:</h2>
*** Using Compiler 'V5.06 update 1 (build 61)', folder: 'C:\Keil_v5\ARM\ARMCC\Bin'
Build target 'Target 1'
compiling spi.c...
compiling stm32f4xx_gpio.c...
compiling stm32f4xx_spi.c...
compiling main.c...
compiling DIO.c...
compiling system_stm32f4xx.c...
compiling stm32f4xx_dma.c...
compiling stm32f4xx_usart.c...
compiling misc.c...
compiling stm32f4xx_rcc.c...
assembling startup_stm32f40xx.s...
compiling stm32f4xx_tim.c...
compiling stm32f4xx_sdio.c...
linking...
Program Size: Code=4634 RO-data=494 RW-data=12 ZI-data=1884  
".\Objects\RFID_KEIL.axf" - 0 Error(s), 0 Warning(s).

<h2>Collection of Component include folders:</h2>
  D:\Auto_Sar\Autosar\RTE
  C:\Keil_v5\ARM\PACK\Keil\STM32F4xx_DFP\2.14.0\Drivers\CMSIS\Device\ST\STM32F4xx\Include

<h2>Collection of Component Files used:</h2>
Build Time Elapsed:  00:00:02
</pre>
</body>
</html>
